
> sceneyard-dev@0.1.0 build
> next build --webpack

   Γû▓ Next.js 16.0.1 (webpack, Cache Components)
   - Environments: .env.local
   - Experiments (use with caution):
     ┬╖ serverActions

   Creating an optimized production build ...
 Γ£ô Compiled successfully in 4.6s
   Running TypeScript ...
node.exe : Failed to compile.
At C:\Program Files\nodejs\npm.ps1:29 char:3
+   & $NODE_EXE $NPM_CLI_JS $args
+   ~~~~~~~~~~~~~~~~~~~~~~~~~~~~~
    + CategoryInfo          : NotSpecified: (Failed to compile.:S 
   tring) [], RemoteException
    + FullyQualifiedErrorId : NativeCommandError
 

./src/app/admin/page.tsx:9:24
Type error: Property 'role' does not exist on type 'User'.

[0m [90m  7 |[39m     [36mawait[39m headers()[33m;[39m
 [90m  8 |[39m     [36mconst[39m session [33m=[39m 
[36mawait[39m auth()[33m;[39m
[31m[1m>[22m[39m[90m  9 |[39m     [36mif[39m 
(session[33m?[39m[33m.[39muser[33m?[39m[33m.[39mrole 
[33m!==[39m [32m"admin"[39m) 
redirect([32m"/home"[39m)[33m;[39m
 [90m    |[39m                        [31m[1m^[22m[39m
 [90m 10 |[39m
 [90m 11 |[39m     [36mreturn[39m (
 [90m 12 |[39m         [33m<[39m[33mdiv[39m 
className[33m=[39m[32m"min-h-screen bg-black text-white p-8 
font-sans selection:bg-purple-500/30"[39m[33m>[39m[0m
Next.js build worker exited with code: 1 and signal: null
